// Vitest Snapshot v1, https://vitest.dev/guide/snapshot.html

exports[`it sorts the things right 1`] = `
[
  {
    "highestLevel": 3,
    "name": "c",
    "private": false,
  },
  {
    "highestLevel": 1,
    "name": "b",
    "private": false,
  },
  {
    "highestLevel": 3,
    "name": "a",
    "private": true,
  },
]
`;
